// Jest Snapshot v1, https://goo.gl/fbAQLP

exports[`Comment component Comment structure should be received from props value 1`] = `
<div>
  <li
    class="commentBody"
  >
    <p>
      John Dou
      <span
        datetime="1615772222"
      >
        53 years ago
      </span>
    </p>
    <p>
      Test comment from John Dou
    </p>
  </li>
</div>
`;
